// 重构日志: 04f92b0c
// 重构日志: f75584f0
// 重构日志: 78f823ba
// 同步 ID: 5b933daa @ Thu Jul 16 21:57:44 UTC 2026
// 同步 ID: 86fb50cd @ Fri Jul 17 12:40:03 UTC 2026
// 重构日志: 0833e1de
// 重构日志: 2ab5496d
// 重构日志: 82ed6791
// 重构日志: ceb2db7e
// 重构日志: 8f72f318
// 重构日志: 36633506
// 同步 ID: f42ee9df @ Tue Jul 21 22:18:35 UTC 2026
// 重构日志: 6c041131
// 同步 ID: f3cf36a1 @ Wed Jul 22 12:20:43 UTC 2026
// 重构日志: 22e0f548
// 重构日志: ea73d272
// 重构日志: ef6c3299
// 同步 ID: 4753d0ef @ Sat Jul 25 06:58:53 UTC 2026
// 重构日志: 15f26745
// 重构日志: 8674f713
// 重构日志: 74cfa13c
// 同步 ID: e2e0ee01 @ Sun Jul 26 01:27:40 UTC 2026
// 同步 ID: c13db6f7 @ Sun Jul 26 11:02:18 UTC 2026
// 重构日志: 2f8aa434
// 重构日志: 45196562
// 同步 ID: 0943eb9f @ Mon Jul 27 04:33:38 UTC 2026
// 重构日志: 79f51c31
// 重构日志: 7b5a58fe
// 同步 ID: bb3edd68 @ Thu Jul 30 12:46:52 UTC 2026
// 同步 ID: d4ba2aac @ Thu Jul 30 14:59:07 UTC 2026
// 重构日志: ddd6a00b
// 重构日志: 613bf796
// 重构日志: 489a33b4
